

================================================================
== Synthesis Summary Report of 'fully2_cnn'
================================================================
+ General Information: 
    * Date:           Tue Jul 20 14:31:28 2021
    * Version:        2020.2 (Build 3064766 on Wed Nov 18 09:12:45 MST 2020)
    * Project:        fully2_cnn
    * Solution:       solution1 (Vivado IP Flow Target)
    * Product family: zynquplus
    * Target device:  xczu7ev-ffvc1156-2-e
    

+ Performance & Resource Estimates: 
    
    PS: '+' for module; 'o' for loop; '*' for dataflow
    +---------------------+------+-------+---------+---------+----------+---------+------+----------+---------+---------+-----------+-----------+-----+
    |       Modules       | Issue|       | Latency | Latency | Iteration|         | Trip |          |         |         |           |           |     |
    |       & Loops       | Type | Slack | (cycles)|   (ns)  |  Latency | Interval| Count| Pipelined|  BRAM   |   DSP   |     FF    |    LUT    | URAM|
    +---------------------+------+-------+---------+---------+----------+---------+------+----------+---------+---------+-----------+-----------+-----+
    |+ fully2_cnn         |     -|  -1.97|       39|  390.000|         -|       40|     -|        no|  2 (~0%)|  3 (~0%)|  298 (~0%)|  686 (~0%)|    -|
    | o VITIS_LOOP_19_1   |     -|  -7.30|        2|   20.000|         2|        1|     2|       yes|        -|        -|          -|          -|    -|
    | o fc_layer2_label1  |     -|  -7.30|       27|  270.000|         3|        3|     9|       yes|        -|        -|          -|          -|    -|
    | o fc_layer2_label2  |     -|  -7.30|        3|   30.000|         3|        1|     2|       yes|        -|        -|          -|          -|    -|
    +---------------------+------+-------+---------+---------+----------+---------+------+----------+---------+---------+-----------+-----------+-----+

