

================================================================
== Synthesis Summary Report of 'pooling_layer2'
================================================================
+ General Information: 
    * Date:           Thu Aug 12 11:54:00 2021
    * Version:        2020.2 (Build 3064766 on Wed Nov 18 09:12:45 MST 2020)
    * Project:        pooling_layer2
    * Solution:       solution1 (Vivado IP Flow Target)
    * Product family: zynquplus
    * Target device:  xczu7ev-ffvc1156-2-e
    

+ Performance & Resource Estimates: 
    
    PS: '+' for module; 'o' for loop; '*' for dataflow
    +--------------------------------------------------------------------------------+------+-------+---------+-----------+----------+---------+------+----------+------+----+-----------+------------+-----+
    |                                     Modules                                    | Issue|       | Latency |  Latency  | Iteration|         | Trip |          |      |    |           |            |     |
    |                                     & Loops                                    | Type | Slack | (cycles)|    (ns)   |  Latency | Interval| Count| Pipelined| BRAM | DSP|     FF    |     LUT    | URAM|
    +--------------------------------------------------------------------------------+------+-------+---------+-----------+----------+---------+------+----------+------+----+-----------+------------+-----+
    |+ pooling_layer2                                                                |     -|  -0.34|     2052|  2.052e+04|         -|     2053|     -|        no|     -|   -|  8432 (1%)|  1418 (~0%)|    -|
    | o pool_layer1_label0_pool_layer1_label2_pool_layer1_label3_pool_layer1_label4  |     -|  -7.30|     2050|  2.050e+04|         4|        1|  2048|       yes|     -|   -|          -|           -|    -|
    +--------------------------------------------------------------------------------+------+-------+---------+-----------+----------+---------+------+----------+------+----+-----------+------------+-----+

