

================================================================
== Synthesis Summary Report of 'cnn'
================================================================
+ General Information: 
    * Date:           Tue Jun  8 16:37:26 2021
    * Version:        2020.2 (Build 3064766 on Wed Nov 18 09:12:45 MST 2020)
    * Project:        cnn
    * Solution:       solution1 (Vivado IP Flow Target)
    * Product family: zynquplus
    * Target device:  xczu7ev-ffvc1156-2-e
    

+ Performance & Resource Estimates: 
    
    PS: '+' for module; 'o' for loop; '*' for dataflow
    +---------------------------------------------------------+------+--------+---------+-----------+----------+---------+------+----------+---------+---------+------------+-------------+-----+
    |                         Modules                         | Issue|        | Latency |  Latency  | Iteration|         | Trip |          |         |         |            |             |     |
    |                         & Loops                         | Type |  Slack | (cycles)|    (ns)   |  Latency | Interval| Count| Pipelined|  BRAM   |   DSP   |     FF     |     LUT     | URAM|
    +---------------------------------------------------------+------+--------+---------+-----------+----------+---------+------+----------+---------+---------+------------+-------------+-----+
    |+ cnn                                                    |     -|   -0.00|    52670|  1.580e+06|         -|    52671|     -|        no|  42 (6%)|  22 (1%)|  32703 (7%)|  55455 (24%)|    -|
    | + grp_pool_layer1_fu_287                                |     -|   -5.90|     6732|  2.020e+05|         -|     6732|     -|        no|        -|        -|   7468 (1%)|  37392 (16%)|    -|
    |  o VITIS_LOOP_169_1_pool_layer1_label1                  |    II|  -21.90|     6496|  1.949e+05|       233|      232|    28|       yes|        -|        -|           -|            -|    -|
    |  o pool_layer1_label8_pool_layer1_label9                |     -|  -21.90|      232|  6.960e+03|         2|        1|   232|       yes|        -|        -|           -|            -|    -|
    | + grp_conv_layer1_fu_293                                |     -|   -0.00|    37232|  1.117e+06|         -|    37232|     -|        no|        -|        -|  20001 (4%)|   13180 (5%)|    -|
    |  o VITIS_LOOP_46_1                                      |     -|  -21.90|      100|  3.000e+03|         1|        1|   100|       yes|        -|        -|           -|            -|    -|
    |  o conv_init_buffer                                     |     -|  -21.90|    10200|  3.060e+05|       102|        -|   100|        no|        -|        -|           -|            -|    -|
    |   o VITIS_LOOP_71_1                                     |     -|  -21.90|       99|  2.970e+03|         2|        1|    99|       yes|        -|        -|           -|            -|    -|
    |  o conv_layer1_label_stride0_conv_layer1_label_stride1  |     -|  -21.90|    26927|  8.078e+05|        44|       32|   841|       yes|        -|        -|           -|            -|    -|
    | + grp_fc_layer1_fu_300                                  |     -|   -0.11|     8441|  2.532e+05|         -|     8441|     -|        no|  40 (6%)|        -|  3296 (~0%)|    2400 (1%)|    -|
    |  o fc_layer1_label0                                     |     -|  -21.90|     8428|  2.528e+05|        43|       43|   196|       yes|        -|        -|           -|            -|    -|
    | o Loop 1                                                |     -|  -21.90|      200|  6.000e+03|         1|        1|   200|       yes|        -|        -|           -|            -|    -|
    | o VITIS_LOOP_239_1                                      |     -|  -21.90|        3|     90.000|         3|        1|     2|       yes|        -|        -|           -|            -|    -|
    | o fc_layer2_label1                                      |     -|  -21.90|       45|  1.350e+03|         5|        5|     9|       yes|        -|        -|           -|            -|    -|
    +---------------------------------------------------------+------+--------+---------+-----------+----------+---------+------+----------+---------+---------+------------+-------------+-----+

