

================================================================
== Synthesis Summary Report of 'fully1_cnn'
================================================================
+ General Information: 
    * Date:           Tue Jul 20 14:28:37 2021
    * Version:        2020.2 (Build 3064766 on Wed Nov 18 09:12:45 MST 2020)
    * Project:        fully1_cnn
    * Solution:       solution1 (Vivado IP Flow Target)
    * Product family: zynquplus
    * Target device:  xczu7ev-ffvc1156-2-e
    

+ Performance & Resource Estimates: 
    
    PS: '+' for module; 'o' for loop; '*' for dataflow
    +------------------------+------+--------+---------+-----------+----------+---------+------+----------+---------+---------+-----------+-----------+-----+
    |         Modules        | Issue|        | Latency |  Latency  | Iteration|         | Trip |          |         |         |           |           |     |
    |         & Loops        | Type |  Slack | (cycles)|    (ns)   |  Latency | Interval| Count| Pipelined|  BRAM   |   DSP   |     FF    |    LUT    | URAM|
    +------------------------+------+--------+---------+-----------+----------+---------+------+----------+---------+---------+-----------+-----------+-----+
    |+ fully1_cnn            |     -|   -8.85|     8074|  1.615e+05|         -|     8075|     -|        no|  30 (4%)|  80 (4%)|  5781 (1%)|  8098 (3%)|    -|
    | + grp_fc_layer1_fu_48  |     -|   -8.85|     8071|  1.614e+05|         -|     8071|     -|        no|  30 (4%)|  80 (4%)|  5776 (1%)|  8061 (3%)|    -|
    |  o VITIS_LOOP_17_1     |     -|  -14.60|       10|    200.000|         1|        1|    10|       yes|        -|        -|          -|          -|    -|
    |  o fc_layer1_label0    |     -|  -14.60|     8036|  1.607e+05|        41|       41|   196|       yes|        -|        -|          -|          -|    -|
    |  o fc_layer1_label3    |     -|  -14.60|       10|    200.000|         2|        1|    10|       yes|        -|        -|          -|          -|    -|
    +------------------------+------+--------+---------+-----------+----------+---------+------+----------+---------+---------+-----------+-----------+-----+

