

================================================================
== Synthesis Summary Report of 'conv_layer1'
================================================================
+ General Information: 
    * Date:           Thu Sep  9 11:40:20 2021
    * Version:        2020.2 (Build 3064766 on Wed Nov 18 09:12:45 MST 2020)
    * Project:        conv_layer1
    * Solution:       solution1 (Vivado IP Flow Target)
    * Product family: zynquplus
    * Target device:  xczu7ev-ffvc1156-2-e
    

+ Performance & Resource Estimates: 
    
    PS: '+' for module; 'o' for loop; '*' for dataflow
    +-------------------------------------------------+--------+-------+---------+-----------+----------+---------+------+----------+------+---------+-------------+-------------+-----+
    |                     Modules                     |  Issue |       | Latency |  Latency  | Iteration|         | Trip |          |      |         |             |             |     |
    |                     & Loops                     |  Type  | Slack | (cycles)|    (ns)   |  Latency | Interval| Count| Pipelined| BRAM |   DSP   |      FF     |     LUT     | URAM|
    +-------------------------------------------------+--------+-------+---------+-----------+----------+---------+------+----------+------+---------+-------------+-------------+-----+
    |+ conv_layer1                                    |  Timing|   0.40|    59730|  5.973e+05|         -|    59731|     -|        no|     -|  65 (3%)|  54908 (11%)|  28076 (12%)|    -|
    | + grp_convolution_fu_24                         |  Timing|   0.40|    59727|  5.973e+05|         -|    59727|     -|        no|     -|  65 (3%)|  54903 (11%)|  28039 (12%)|    -|
    |  o VITIS_LOOP_52_1                              |       -|  -7.30|      117|  1.170e+03|         1|        1|   117|       yes|     -|        -|            -|            -|    -|
    |  o conv_init_buffer                             |       -|  -7.30|    41067|  4.107e+05|       351|        -|   117|        no|     -|        -|            -|            -|    -|
    |   o VITIS_LOOP_77_1                             |      II|  -7.30|      348|  3.480e+03|         4|        3|   116|       yes|     -|        -|            -|            -|    -|
    |  o conv_layer1_label_stride_conv_layer1_label9  |       -|  -7.30|    18538|  1.854e+05|       139|       32|   576|       yes|     -|        -|            -|            -|    -|
    +-------------------------------------------------+--------+-------+---------+-----------+----------+---------+------+----------+------+---------+-------------+-------------+-----+

