

================================================================
== Synthesis Summary Report of 'pooling_layer1'
================================================================
+ General Information: 
    * Date:           Wed Sep  8 10:12:43 2021
    * Version:        2020.2 (Build 3064766 on Wed Nov 18 09:12:45 MST 2020)
    * Project:        pooling_layer1
    * Solution:       solution1 (Vivado IP Flow Target)
    * Product family: zynquplus
    * Target device:  xczu7ev-ffvc1156-2-e
    

+ Performance & Resource Estimates: 
    
    PS: '+' for module; 'o' for loop; '*' for dataflow
    +--------------------------------------------------------------------------------+------+-------+---------+-----------+----------+---------+------+----------+------+----+------------+------------+-----+
    |                                     Modules                                    | Issue|       | Latency |  Latency  | Iteration|         | Trip |          |      |    |            |            |     |
    |                                     & Loops                                    | Type | Slack | (cycles)|    (ns)   |  Latency | Interval| Count| Pipelined| BRAM | DSP|     FF     |     LUT    | URAM|
    +--------------------------------------------------------------------------------+------+-------+---------+-----------+----------+---------+------+----------+------+----+------------+------------+-----+
    |+ pooling_layer1                                                                |     -|  -0.14|     9220|  9.220e+04|         -|     9221|     -|        no|     -|   -|  12535 (2%)|  1834 (~0%)|    -|
    | o pool_layer1_label0_pool_layer1_label2_pool_layer1_label3_pool_layer1_label4  |     -|  -7.30|     9218|  9.218e+04|         4|        1|  9216|       yes|     -|   -|           -|           -|    -|
    +--------------------------------------------------------------------------------+------+-------+---------+-----------+----------+---------+------+----------+------+----+------------+------------+-----+

