

================================================================
== Synthesis Summary Report of 'cnn'
================================================================
+ General Information: 
    * Date:           Wed Jun 16 15:54:47 2021
    * Version:        2020.2 (Build 3064766 on Wed Nov 18 09:12:45 MST 2020)
    * Project:        cnn
    * Solution:       solution1 (Vivado IP Flow Target)
    * Product family: zynquplus
    * Target device:  xczu7ev-ffvc1156-2-e
    

+ Performance & Resource Estimates: 
    
    PS: '+' for module; 'o' for loop; '*' for dataflow
    +--------------------------------------------------------------+------+--------+---------+-----------+----------+---------+------+----------+---------+---------+------------+------------+-----+
    |                            Modules                           | Issue|        | Latency |  Latency  | Iteration|         | Trip |          |         |         |            |            |     |
    |                            & Loops                           | Type |  Slack | (cycles)|    (ns)   |  Latency | Interval| Count| Pipelined|  BRAM   |   DSP   |     FF     |     LUT    | URAM|
    +--------------------------------------------------------------+------+--------+---------+-----------+----------+---------+------+----------+---------+---------+------------+------------+-----+
    |+ cnn                                                         |     -|   -0.26|    52799|  1.056e+06|         -|    52800|     -|        no|  40 (6%)|  22 (1%)|  32550 (7%)|  19022 (8%)|    -|
    | + grp_conv_layer1_fu_3516                                    |     -|   -0.33|    37232|  7.446e+05|         -|    37232|     -|        no|        -|        -|  20193 (4%)|  14029 (6%)|    -|
    |  o VITIS_LOOP_51_1                                           |     -|  -14.60|      100|  2.000e+03|         1|        1|   100|       yes|        -|        -|           -|           -|    -|
    |  o conv_init_buffer                                          |     -|  -14.60|    10200|  2.040e+05|       102|        -|   100|        no|        -|        -|           -|           -|    -|
    |   o VITIS_LOOP_76_1                                          |     -|  -14.60|       99|  1.980e+03|         2|        1|    99|       yes|        -|        -|           -|           -|    -|
    |  o conv_layer1_label_stride_conv_layer1_label9               |     -|  -14.60|    26927|  5.385e+05|        45|       32|   841|       yes|        -|        -|           -|           -|    -|
    | + grp_fc_layer1_fu_3523                                      |     -|   -0.93|     8664|  1.733e+05|         -|     8664|     -|        no|  40 (6%)|        -|  3469 (~0%)|  1862 (~0%)|    -|
    |  o Loop 1                                                    |     -|  -14.60|       10|    200.000|         1|        1|    10|       yes|        -|        -|           -|           -|    -|
    |  o VITIS_LOOP_19_1                                           |     -|  -14.60|       10|    200.000|         1|        1|    10|       yes|        -|        -|           -|           -|    -|
    |  o fc_layer1_label0                                          |     -|  -14.60|     8624|  1.725e+05|        44|       44|   196|       yes|        -|        -|           -|           -|    -|
    |  o fc_layer1_label3                                          |     -|  -14.60|       12|    240.000|         4|        1|    10|       yes|        -|        -|           -|           -|    -|
    | o pool_layer1_label0_pool_layer1_label1                      |     -|  -14.60|     6664|  1.333e+05|       238|        -|    28|        no|        -|        -|           -|           -|    -|
    |  o pool_layer1_label2_pool_layer1_label3_pool_layer1_label4  |     -|  -14.60|      225|  4.500e+03|         3|        1|   224|       yes|        -|        -|           -|           -|    -|
    |  o pool_layer1_label6                                        |     -|  -14.60|        8|    160.000|         2|        1|     8|       yes|        -|        -|           -|           -|    -|
    | o pool_layer1_label8_pool_layer1_label9                      |     -|  -14.60|      232|  4.640e+03|         2|        1|   232|       yes|        -|        -|           -|           -|    -|
    +--------------------------------------------------------------+------+--------+---------+-----------+----------+---------+------+----------+---------+---------+------------+------------+-----+

